[backblue.gif]
[fade.gif]
[index.html]
[umbrella-network.readme.io/docs/index.html]
[umbrella-network.readme.io/docs/getting-started-1.html]
[cdn.readme.io/public/js/force-firefox-anchor-jumpd75c.js]
[files.readme.io/850c102-small-Favicon_128x128.png]
[cdn.readme.io/public/js/cash-dom.mind75c.js]
[cdn.readme.io/public/hub/web/routes-Tutorials.7e7736cc7c5b0affc361.css]
[cdn.readme.io/public/hub/web/New.b2c21b39a87b5c42c152.css]
[cdn.readme.io/public/hub/web/Page.b2c21b39a87b5c42c152.css]
[cdn.readme.io/public/hub/web/routes-Discuss.571e99fd5e02a59c06dd.css]
[cdn.readme.io/public/hub/web/Editor.23606d783f007047768a.css]
[cdn.readme.io/public/hub/web/List.78e705bc4a583c8ec3e3.css]
[cdn.readme.io/public/hub/web/routes-Changelog.28957affcff81e852361.css]
[cdn.readme.io/public/hub/web/routes-SuperHub-Routes.562b138a33a821b51891.css]
[cdn.readme.io/public/hub/web/routes-Reference.883d037c9b5898d42a5d.css]
[cdn.readme.io/public/hub/web/routes-Landing.332d7eed7b2d976c458e.css]
[cdn.readme.io/public/hub/web/CustomPage.38a39d6ce8b0e2afad5a.css]
[cdn.readme.io/public/hub/web/routes-Doc.0ab6d6e327e2be33020a.css]
[cdn.readme.io/public/hub/web/Footer.7ca87f1efe735da787ba.css]
[cdn.readme.io/public/hub/web/routes-PageNotFound.d8afd1171cf7a455eed7.css]
[cdn.readme.io/public/hub/web/Header.4c8c34bca506869e518a.css]
[cdn.readme.io/public/hub/web/routes-SuperHub.b85a08886b1862d582d6.css]
[cdn.readme.io/public/hub/web/7188.75e3fc491ee8103c63a3.css]
[cdn.readme.io/public/hub/web/2395.593cd7b6ba0bdb6787a8.css]
[cdn.readme.io/public/hub/web/main.ce76545ac84b178a5276.css]
[cdn.readme.io/public/hub/web/ui-styles.e9b9e6b50e13b88dd758.css]
[cdn.readme.io/public/hub/web/main.f8f07fa43a5cce00374f.js]
[cdn.readme.io/public/hub/web/6601.cef2fa12a9b5e2b9df03.js]
[cdn.readme.io/public/hub/web/1802.00a1e88cc0d9da2aae1b.js]
[cdn.readme.io/public/hub/web/6563.fbd3d15eee3b5e94f665.js]
[cdn.readme.io/public/hub/web/4904.1067704c85da57778e22.js]
[cdn.readme.io/public/hub/web/9772.2a1f979e13fec4bb3ee9.js]
[cdn.readme.io/public/hub/web/7449.dae0332305a8704415a6.js]
[cdn.readme.io/public/hub/web/7372.fbd27ab77e6e47de9931.js]
[cdn.readme.io/public/hub/web/9082.f9fa9ec2b80af1ef61bd.js]
[cdn.readme.io/public/hub/web/734.2949e3d7010fa5c21ffd.js]
[cdn.readme.io/public/hub/web/954.53ce7f86793664155f78.js]
[cdn.readme.io/public/hub/web/6903.75b9333e2c99d6924d0e.js]
[cdn.readme.io/public/hub/web/2395.d7a02bae4dce9ad555bf.js]
[cdn.readme.io/public/hub/web/9321.79d2056a20bb4185c53c.js]
[cdn.readme.io/public/hub/web/3073.88067168de32cbdaba01.js]
[cdn.readme.io/public/hub/web/1008.e2d3112d77531c25a8a0.js]
[cdn.readme.io/public/hub/web/7188.006f6f7e3184fb873f71.js]
[cdn.readme.io/public/hub/web/5753.747ce9f67ea962156e26.js]
[cdn.readme.io/public/hub/web/routes-SuperHub.3a45a93f5f99a80216c8.js]
[cdn.readme.io/public/hub/web/4498.fdf1dc7d6de8aab21fc0.js]
[cdn.readme.io/public/hub/web/7783.4d5a6e419a35233ebd3c.js]
[cdn.readme.io/public/hub/web/Header.c1c5886e6a9b69616a39.js]
[cdn.readme.io/public/hub/web/routes-PageNotFound.0753b15a20d69a0b7e52.js]
[cdn.readme.io/public/hub/web/Footer.ab547bd9b65b343d6b02.js]
[cdn.readme.io/public/hub/web/core-icons-chevron-up-down-svg.6aae957df71e6f4c5e24.js]
[cdn.readme.io/public/hub/web/4287.916cdd386055d2c5d238.js]
[cdn.readme.io/public/hub/web/4201.ae4918ddf0595a4bfca6.js]
[cdn.readme.io/public/hub/web/routes-Doc.81eb72549d6b8f3bb25f.js]
[cdn.readme.io/public/hub/web/core-icons-alert-circle-svg.4cee8264c97045599b56.js]
[cdn.readme.io/public/hub/web/6922.e8247ef6931a72e55b3e.js]
[cdn.readme.io/public/hub/web/3906.35169b94eafc15af0277.js]
[cdn.readme.io/public/hub/web/CustomPage.6f679df40962e18b748b.js]
[cdn.readme.io/public/hub/web/4002.704e628347d37011965d.js]
[cdn.readme.io/public/hub/web/routes-Landing.121394fe97adac4fa256.js]
[cdn.readme.io/public/hub/web/5948.a51402657e2eb40ab43b.js]
[cdn.readme.io/public/hub/web/8230.5f990ceaed34430c1c28.js]
[cdn.readme.io/public/hub/web/routes-Reference.52b5b8c183631200e8bc.js]
[cdn.readme.io/public/hub/web/core-icons-arrow-right-svg.eadb74658f93b4e7d75f.js]
[cdn.readme.io/public/hub/web/core-icons-chevron-down-svg.e20b84e9871bd73d1b8c.js]
[cdn.readme.io/public/hub/web/core-icons-search-svg.ad9cac962958d30983a7.js]
[cdn.readme.io/public/hub/web/core-icons-custom-pages-svg.444e514638d9afbec182.js]
[cdn.readme.io/public/hub/web/7717.c3f46aef4dac129abcfb.js]
[cdn.readme.io/public/hub/web/5359.fb0c48929b1827a8a2b2.js]
[cdn.readme.io/public/hub/web/routes-SuperHub-Routes.49323f5acaafb12e368a.js]
[cdn.readme.io/public/hub/web/RMDX.5a20ba67d8d9cfdd8ffb.js]
[cdn.readme.io/public/hub/web/core-icons-more-vertical-svg.4822b3f831e11095980d.js]
[cdn.readme.io/public/hub/web/core-icons-lock-svg.70942d3ee6bad6267696.js]
[cdn.readme.io/public/hub/web/core-icons-arrow-up-right-svg.8ec73f7e322d79a2695b.js]
[cdn.readme.io/public/hub/web/routes-Changelog.10d357b17211307aae78.js]
[cdn.readme.io/public/hub/web/2637.f161cf21b4202fcf0f18.js]
[cdn.readme.io/public/hub/web/4674.b77d8e6ddbdaef99bf47.js]
[cdn.readme.io/public/hub/web/List.7eaeb2b08b6f788a8084.js]
[cdn.readme.io/public/hub/web/Editor.c3261890a3a045758421.js]
[cdn.readme.io/public/hub/web/core-icons-x-circle-svg.abc0e0ea5b7f9dff667c.js]
[cdn.readme.io/public/hub/web/core-icons-suggested-edits-svg.8d2d8ac2fd22ded9238d.js]
[cdn.readme.io/public/hub/web/routes-Discuss.36907b145ef5761a26f7.js]
[cdn.readme.io/public/hub/web/Page.010cda1cb3630b4c63b5.js]
[cdn.readme.io/public/hub/web/core-icons-unlock-svg.d27591cc9e0be731e26d.js]
[cdn.readme.io/public/hub/web/Post.71d2a77f709abc802115.js]
[cdn.readme.io/public/hub/web/New.6ccd6d98f9612d613bd0.js]
[cdn.readme.io/public/hub/web/core-icons-eye-off-svg.b2b8b241b4b324dfd9c1.js]
[cdn.readme.io/public/hub/web/core-icons-webhook-svg.fe540ea1c09e1c0e0247.js]
[cdn.readme.io/public/hub/web/core-icons-trending-up-svg.0dd920b0698e57f75afa.js]
[cdn.readme.io/public/hub/web/core-icons-callout-info-svg.79b14e8568c9cecbc827.js]
[cdn.readme.io/public/hub/web/routes-Tutorials.a389c40d0f1cb867b6d7.js]
[cdn.readme.io/public/hub/web/core-icons-star-svg.b834e1612cb2af1e174e.js]
[cdn.readme.io/public/hub/web/core-icons-key-svg.71e09670b926900508b8.js]
[cdn.readme.io/public/hub/web/core-icons-message-circle-svg.1e24c2d2eb4f9a6ede5d.js]
[cdn.readme.io/public/hub/web/core-icons-chevron-right-svg.34d126524d8ea236d174.js]
[cdn.readme.io/public/hub/web/core-icons-code-svg.d29a4cf99a7105e13528.js]
[cdn.readme.io/public/hub/web/core-icons-book-svg.556c5a2abddd44b2284c.js]
[cdn.readme.io/public/hub/web/core-icons-gauge-circle-svg.fff25782546fef314a09.js]
[cdn.readme.io/public/hub/web/core-icons-plus-svg.a49fb76ac2661b5e1c7e.js]
[cdn.readme.io/public/hub/web/core-icons-folder-plus-svg.2c200438e59611867262.js]
[cdn.readme.io/public/hub/web/core-icons-settings-svg.bb875a1c38f51ce460bd.js]
[cdn.readme.io/public/hub/web/core-icons-oas-svg.2dabf01f334b141bfe4b.js]
[cdn.readme.io/public/hub/web/core-icons-more-horizontal-svg.2e35d3f95cd061649fd1.js]
[cdn.readme.io/public/hub/web/core-icons-help-circle-svg.5b015602206396831950.js]
[umbrella-network.readme.io/docs/undefined.66.delayed]
[files.readme.io/142ea23-small-umb_logo.png]
[umbrella-network.readme.io/docs/the-need-of-oracles.html]
[umbrella-network.readme.io/docs/umbrella-network-architecture.html]
[umbrella-network.readme.io/docs/product-overview.html]
[umbrella-network.readme.io/docs/glossary.html]
[umbrella-network.readme.io/docs/introduction.html]
[umbrella-network.readme.io/docs/solution-overview.html]
[umbrella-network.readme.io/docs/integration-details.html]
[umbrella-network.readme.io/docs/concordium-integration-examples.html]
[umbrella-network.readme.io/docs/price-feeds.html]
[umbrella-network.readme.io/docs/intro-to-layer-2-data-l2d.html]
[umbrella-network.readme.io/docs/rollup-sdk.html]
[umbrella-network.readme.io/docs/layer-2-sdk-samples.html]
[umbrella-network.readme.io/docs/random-number-generator-rng-v1.html]
[umbrella-network.readme.io/docs/intro-to-on-chain-data-copy.html]
[umbrella-network.readme.io/docs/instructions.html]
[umbrella-network.readme.io/docs/umb-token-contracts.html]
[umbrella-network.readme.io/docs/api.html]
[umbrella-network.readme.io/docs/coders-and-decoders.html]
[umbrella-network.readme.io/docs/reference-application.html]
[umbrella-network.readme.io/docs/developer-api.html]
[umbrella-network.readme.io/docs/api-token.html]
[umbrella-network.readme.io/docs/using-the-oracle-on-solana.html]
[umbrella-network.readme.io/docs/_]
[umbrella-network.readme.io/docs/_https_/explorer-polygon.umb.network/_]
[umbrella-network.readme.io/docs/_https_/forms.gle/jVd9iKah1dkYLdGe9_]
[umbrella-network.readme.io/docs/getting-started-1.html]
[umbrella-network.readme.io/docs/undefined.html]
[umbrella-network.readme.io/docs/the-need-of-oracles.html]
[umbrella-network.readme.io/docs/umbrella-network-architecture.html]
[cdn.readme.io/public/hub/web/core-icons-inbox-svg.01c2ecb759e417a98bb8.js]
[umbrella-network.readme.io/docs/product-overview.html]
[umbrella-network.readme.io/docs/glossary.html]
[cdn.readme.io/public/hub/web/core-icons-file-svg.24d3e20044ef331cf0d2.js]
[umbrella-network.readme.io/docs/introduction.html]
[cdn.readme.io/public/hub/web/core-icons-copy-svg.931ad8b32bb041ec8efd.js]
[umbrella-network.readme.io/docs/_https_/files.readme.io/9c01306-slide_ON-CHAIN_DATA.png_]
[files.readme.io/9c01306-slide_ON-CHAIN_DATA.png]
[umbrella-network.readme.io/docs/solution-overview.html]
[umbrella-network.readme.io/docs/_https_/files.readme.io/342af1b-onchain_sc_hierarchy.jpg_]
[umbrella-network.readme.io/docs/_https_/umbrella-network.readme.io/docs/umb-token-contracts_]
[files.readme.io/342af1b-onchain_sc_hierarchy.jpg]
[umbrella-network.readme.io/docs/integration-details.html]
[umbrella-network.readme.io/docs/_https_/umbrella-network.readme.io/docs/integration-details_]
[umbrella-network.readme.io/docs/_https_/github.com/umbrella-network/phoenix-concordium/blob/develop/oracle-integration/README.md_]
[umbrella-network.readme.io/docs/_mailto_bd@umb.network_]
[umbrella-network.readme.io/docs/_https_/umbrella-network.readme.io/docs/price-feeds_]
[umbrella-network.readme.io/cdn-cgi/scripts/5c5dd728/cloudflare-static/email-decode.min.js]
[umbrella-network.readme.io/docs/_mailto_bd@umb.network/_]
[umbrella-network.readme.io/docs/concordium-integration-examples.html]
[cdn.readme.io/public/hub/web/core-icons-eye-svg.b2103692a3c209893efe.js]
[cdn.readme.io/public/hub/web/core-icons-book-open-svg.424d1f60f4c5a77b243c.js]
[umbrella-network.readme.io/docs/_https_/umbrella-network.readme.io/docs/concordium-integration-examples_]
[umbrella-network.readme.io/docs/price-feeds.html]
[umbrella-network.readme.io/docs/_https_/files.readme.io/ac06fae-slide_LAYER_2_DATA_3NewDeck.jpg_]
[umbrella-network.readme.io/docs/_https_/files.readme.io/7d045b1-root.png_]
[files.readme.io/ac06fae-slide_LAYER_2_DATA_3NewDeck.jpg]
[files.readme.io/7d045b1-root.png]
[umbrella-network.readme.io/docs/intro-to-layer-2-data-l2d.html]
[umbrella-network.readme.io/docs/_https_/umbrella-network.readme.io/docs/api-token_.96.delayed]
[umbrella-network.readme.io/docs/_https_/www.npmjs.com/package/@umb-network/toolbox_]
[umbrella-network.readme.io/docs/rollup-sdk.html]
[umbrella-network.readme.io/docs/_/docs/layer2-sdk_]
[umbrella-network.readme.io/docs/_https_/blog.infura.io/getting-started-with-infura-28e41844cc89/_]
[umbrella-network.readme.io/docs/_https_/kovan.etherscan.io/address/0x8d16D5D2859f4c54b226180A46F26D57A4d727A0]
[umbrella-network.readme.io/docs/layer-2-sdk-samples.html]
[umbrella-network.readme.io/docs/_/docs/intro-to-layer-2-data-l2d_]
[umbrella-network.readme.io/docs/_https_/files.readme.io/23fb51b-RNG.jpg_]
[umbrella-network.readme.io/docs/_/docs/passport-beta_]
[umbrella-network.readme.io/docs/_https_/github.com/umbrella-network/babel]
[files.readme.io/23fb51b-RNG.jpg]
[umbrella-network.readme.io/docs/random-number-generator-rng-v1.html]
[umbrella-network.readme.io/docs/passport-beta.html]
[umbrella-network.readme.io/docs/_https_/files.readme.io/d203204-slide_ON_DEMAND_DATA.a2.delayed]
[files.readme.io/d203204-slide_ON_DEMAND_DATA.png]
[umbrella-network.readme.io/docs/intro-to-on-chain-data-copy.html]
[cdn.readme.io/public/hub/web/core-icons-megaphone-svg.c4823f47f1244e78066e.js]
[umbrella-network.readme.io/docs/_https_/github.com/umbrella-network/canvas]
[umbrella-network.readme.io/docs/instructions.html]
[umbrella-network.readme.io/docs/_https_/drive.google.com/drive/folders/1CsIfWFv-hfDaCmGHBr5F-UxgxsQ1wQm42dff]
[umbrella-network.readme.io/docs/_https_/drive.google.com/file/d/1RuQAuCA82gckKRsqr23oZpmg9MTpxcgv/view2dff]
[umbrella-network.readme.io/docs/_https_/drive.google.com/file/d/1-2rj22AIevEIUNBTNiKlnwb8s3OqWFS5/view7191]
[umbrella-network.readme.io/docs/umb-token-contracts.html]
[umbrella-network.readme.io/docs/_https_/badge.fury.io/js/@umb-network/toolbox_]
[umbrella-network.readme.io/docs/_https_/badge.fury.io/js/@umb-network/toolbox.svg_]
[umbrella-network.readme.io/docs/_https_/github.com/umbrella-network/canvas/tree/main/test_]
[umbrella-network.readme.io/docs/api.html]
[umbrella-network.readme.io/docs/coders-and-decoders.html]
[cdn.readme.io/public/hub/web/core-icons-alert-triangle-svg.aa5960e73a548f38e8bd.js]
[umbrella-network.readme.io/docs/_https_/github.com/umbrella-network/babel_]
[umbrella-network.readme.io/docs/_https_/umbrella-network.readme.io/docs/intro-to-layer-2-data-l2d_]
[umbrella-network.readme.io/docs/_/docs/using-the-oracle-on-solana_]
[umbrella-network.readme.io/docs/reference-application.html]
[cdn.readme.io/public/hub/web/core-icons-share-2-svg.cc960c8f03a86e1d8def.js]
[cdn.readme.io/public/hub/web/core-icons-edit-2-svg.a658c6ae7d1bbe84c98a.js]
[cdn.readme.io/public/hub/web/core-icons-upload-svg.4d60b51fd8b6157bfc91.js]
[umbrella-network.readme.io/docs/_https_/api.umb.network/_]
[umbrella-network.readme.io/docs/_https_/api.sbx.umb.network/_]
[umbrella-network.readme.io/docs/_https_/api.umb.network/blocks/latest2f0e]
[umbrella-network.readme.io/docs/_https_/api.umb.network/blocks/latest00ab]
[umbrella-network.readme.io/docs/_https_/api.umb.network/blocks/latest984d]
[umbrella-network.readme.io/docs/_https_/api.umb.network/blocks/latest85d5]
[umbrella-network.readme.io/docs/_https_/api.sbx.umb.network/blocks/latest2f0e]
[umbrella-network.readme.io/docs/_https_/api.sbx.umb.network/blocks/latest00ab]
[umbrella-network.readme.io/docs/_https_/api.sbx.umb.network/blocks/latest984d]
[umbrella-network.readme.io/docs/_https_/api.sbx.umb.network/blocks/latest85d5]
[umbrella-network.readme.io/docs/_https_/api.umb.network/docs/_]
[umbrella-network.readme.io/docs/_https_/api.sbx.umb.network/docs/_]
[umbrella-network.readme.io/docs/developer-api.html]
[umbrella-network.readme.io/docs/_https_/portal.umb.network_]
[umbrella-network.readme.io/docs/_https_/portal-sbx.umb.network_]
[umbrella-network.readme.io/docs/_https_/files.readme.io/77cc19a-1-sign-up.png_]
[umbrella-network.readme.io/docs/_https_/files.readme.io/d6ad9c4-2-sidebar.png_]
[umbrella-network.readme.io/docs/_https_/files.readme.io/2ddf37c-3-project-card.png_]
[umbrella-network.readme.io/docs/_https_/files.readme.io/7f061fe-4-create-api.png_]
[umbrella-network.readme.io/docs/_https_/files.readme.io/3f8eeaf-5-project-details.png_]
[umbrella-network.readme.io/docs/_https_/files.readme.io/8cbd66c-Screenshot_from_2021-07-05_14-00-09.png_]
[files.readme.io/77cc19a-1-sign-up.png]
[files.readme.io/d6ad9c4-2-sidebar.png]
[files.readme.io/2ddf37c-3-project-card.png]
[files.readme.io/7f061fe-4-create-api.png]
[files.readme.io/3f8eeaf-5-project-details.png]
[files.readme.io/8cbd66c-Screenshot_from_2021-07-05_14-00-09.png]
[umbrella-network.readme.io/docs/api-token.html]
[umbrella-network.readme.io/docs/_/docs/reference-application_]
[umbrella-network.readme.io/docs/_/docs/api_]
[umbrella-network.readme.io/docs/_https_/files.readme.io/a96401a-ICGV9oR0SKdttqIGK2ZrM39j.png_]
[umbrella-network.readme.io/docs/_https_/files.readme.io/1c1b150-EH82yxS2ibP9tRVkaCvn6lBW.png_]
[files.readme.io/a96401a-ICGV9oR0SKdttqIGK2ZrM39j.png]
[files.readme.io/1c1b150-EH82yxS2ibP9tRVkaCvn6lBW.png]
[umbrella-network.readme.io/docs/using-the-oracle-on-solana.html]
[umbrella-network.readme.io/docs/_.html]
[umbrella-network.readme.io/docs/_https_/explorer-polygon.umb.network/_.html]
[umbrella-network.readme.io/docs/_https_/forms.gle/jVd9iKah1dkYLdGe9_.html]
[umbrella-network.readme.io/docs/_https_/files.readme.io/9c01306-slide_ON-CHAIN_DATA.html]
[umbrella-network.readme.io/docs/_https_/files.readme.io/342af1b-onchain_sc_hierarchy.html]
[umbrella-network.readme.io/docs/_https_/umbrella-network.readme.io/docs/umb-token-contracts_.html]
[umbrella-network.readme.io/docs/_https_/umbrella-network.readme.io/docs/integration-details_.html]
[umbrella-network.readme.io/docs/_https_/github.com/umbrella-network/phoenix-concordium/blob/develop/oracle-integration/README.html]
[umbrella-network.readme.io/docs/_mailto_bd@umb.html]
[umbrella-network.readme.io/docs/_https_/umbrella-network.readme.io/docs/price-feeds_.html]
[umbrella-network.readme.io/docs/_mailto_bd@umb.network/_.html]
[umbrella-network.readme.io/docs/_https_/umbrella-network.readme.io/docs/concordium-integration-examples_.html]
[umbrella-network.readme.io/docs/_https_/files.readme.io/ac06fae-slide_LAYER_2_DATA_3NewDeck.html]
[umbrella-network.readme.io/docs/_https_/files.readme.io/7d045b1-root.html]
[umbrella-network.readme.io/docs/_https_/umbrella-network.readme.io/docs/api-token_.html]
[umbrella-network.readme.io/docs/_https_/www.npmjs.com/package/@umb-network/toolbox_.html]
[umbrella-network.readme.io/docs/_/docs/layer2-sdk_.html]
[umbrella-network.readme.io/docs/_https_/blog.infura.io/getting-started-with-infura-28e41844cc89/_.html]
[umbrella-network.readme.io/docs/_https_/kovan.etherscan.io/address/0x8d16D5D2859f4c54b226180A46F26D57A4d727A0.html]
[umbrella-network.readme.io/docs/_/docs/intro-to-layer-2-data-l2d_.html]
[umbrella-network.readme.io/docs/_https_/files.readme.io/23fb51b-RNG.html]
[umbrella-network.readme.io/docs/_/docs/passport-beta_.html]
[umbrella-network.readme.io/docs/_https_/github.com/umbrella-network/babel.html]
[umbrella-network.readme.io/docs/_https_/bscscan.com/address/0xd3e5Bf479BF8A2252D89D2990dDE2173869166D0]
[umbrella-network.readme.io/docs/_https_/github.com/umbrella-network/babel/blob/main/contracts/Passport/StandardDatumReceiver.sol]
[umbrella-network.readme.io/docs/_https_/passport-api.umb.network/datums_]
[umbrella-network.readme.io/docs/_https_/discord.gg/sYf7SKsv_]
[umbrella-network.readme.io/docs/passport-beta.html]
[umbrella-network.readme.io/docs/_https_/files.readme.io/d203204-slide_ON_DEMAND_DATA.html]
[umbrella-network.readme.io/docs/_https_/github.com/umbrella-network/canvas.html]
[umbrella-network.readme.io/docs/_https_/drive.google.com/drive/folders/1CsIfWFv-hfDaCmGHBr5F-UxgxsQ1wQm42dff.html]
[umbrella-network.readme.io/docs/_https_/drive.google.com/file/d/1RuQAuCA82gckKRsqr23oZpmg9MTpxcgv/view2dff.html]
[umbrella-network.readme.io/docs/_https_/drive.google.com/file/d/1-2rj22AIevEIUNBTNiKlnwb8s3OqWFS5/view7191.html]
[umbrella-network.readme.io/docs/_https_/badge.fury.io/js/@umb-network/toolbox_.html]
[umbrella-network.readme.io/docs/_https_/badge.fury.io/js/@umb-network/toolbox.html]
[umbrella-network.readme.io/docs/_https_/github.com/umbrella-network/canvas/tree/main/test_.html]
[umbrella-network.readme.io/docs/_https_/github.com/umbrella-network/babel_.html]
[umbrella-network.readme.io/docs/_https_/umbrella-network.readme.io/docs/intro-to-layer-2-data-l2d_.html]
[umbrella-network.readme.io/docs/_/docs/using-the-oracle-on-solana_.html]
[umbrella-network.readme.io/docs/_https_/api.umb.network/_.html]
[umbrella-network.readme.io/docs/_https_/api.sbx.umb.network/_.html]
[umbrella-network.readme.io/docs/_https_/api.umb.network/blocks/latest2f0e.html]
[umbrella-network.readme.io/docs/_https_/api.umb.network/blocks/latest00ab.html]
[umbrella-network.readme.io/docs/_https_/api.umb.network/blocks/latest984d.html]
[umbrella-network.readme.io/docs/_https_/api.umb.network/blocks/latest85d5.html]
[umbrella-network.readme.io/docs/_https_/api.sbx.umb.network/blocks/latest2f0e.html]
[umbrella-network.readme.io/docs/_https_/api.sbx.umb.network/blocks/latest00ab.html]
[umbrella-network.readme.io/docs/_https_/api.sbx.umb.network/blocks/latest984d.html]
[umbrella-network.readme.io/docs/_https_/api.sbx.umb.network/blocks/latest85d5.html]
[umbrella-network.readme.io/docs/_https_/api.umb.network/docs/_.html]
[umbrella-network.readme.io/docs/_https_/api.sbx.umb.network/docs/_.html]
[umbrella-network.readme.io/docs/_https_/portal.umb.html]
[umbrella-network.readme.io/docs/_https_/portal-sbx.umb.html]
[umbrella-network.readme.io/docs/_https_/files.readme.io/77cc19a-1-sign-up.html]
[umbrella-network.readme.io/docs/_https_/files.readme.io/d6ad9c4-2-sidebar.html]
[umbrella-network.readme.io/docs/_https_/files.readme.io/2ddf37c-3-project-card.html]
[umbrella-network.readme.io/docs/_https_/files.readme.io/7f061fe-4-create-api.html]
[umbrella-network.readme.io/docs/_https_/files.readme.io/3f8eeaf-5-project-details.html]
[umbrella-network.readme.io/docs/_https_/files.readme.io/8cbd66c-Screenshot_from_2021-07-05_14-00-09.html]
[umbrella-network.readme.io/docs/_/docs/reference-application_.html]
[umbrella-network.readme.io/docs/_/docs/api_.html]
[umbrella-network.readme.io/docs/_https_/files.readme.io/a96401a-ICGV9oR0SKdttqIGK2ZrM39j.html]
[umbrella-network.readme.io/docs/_https_/files.readme.io/1c1b150-EH82yxS2ibP9tRVkaCvn6lBW.html]
[umbrella-network.readme.io/docs/_https_/bscscan.com/address/0xd3e5Bf479BF8A2252D89D2990dDE2173869166D0.html]
[umbrella-network.readme.io/docs/_https_/passport-api.umb.network/datums_.html]
[umbrella-network.readme.io/docs/_https_/discord.gg/sYf7SKsv_.html]
[cdn.readme.io/public/hub/web/routes-Tutorials.7e7736cc7c5b0affc361.css]
[cdn.readme.io/public/hub/web/New.b2c21b39a87b5c42c152.css]
[cdn.readme.io/public/hub/web/Page.b2c21b39a87b5c42c152.css]
[cdn.readme.io/public/hub/web/routes-Discuss.571e99fd5e02a59c06dd.css]
[cdn.readme.io/public/hub/web/Editor.23606d783f007047768a.css]
[cdn.readme.io/public/hub/web/List.78e705bc4a583c8ec3e3.css]
[cdn.readme.io/public/hub/web/routes-Changelog.28957affcff81e852361.css]
[cdn.readme.io/public/hub/web/routes-SuperHub-Routes.562b138a33a821b51891.css]
[cdn.readme.io/public/hub/web/routes-Reference.883d037c9b5898d42a5d.css]
[cdn.readme.io/public/hub/web/routes-Landing.332d7eed7b2d976c458e.css]
[cdn.readme.io/public/hub/web/CustomPage.38a39d6ce8b0e2afad5a.css]
[cdn.readme.io/public/hub/web/routes-Doc.0ab6d6e327e2be33020a.css]
[umbrella-network.readme.io/cdn-cgi/scripts/5c5dd728/cloudflare-static/email-decode.min.js]
[cdn.readme.io/public/hub/web/Footer.7ca87f1efe735da787ba.css]
[files.readme.io/142ea23-small-umb_logo.png]
[files.readme.io/9c01306-slide_ON-CHAIN_DATA.png]
[cdn.readme.io/public/hub/web/routes-PageNotFound.d8afd1171cf7a455eed7.css]
[files.readme.io/342af1b-onchain_sc_hierarchy.jpg]
[files.readme.io/ac06fae-slide_LAYER_2_DATA_3NewDeck.jpg]
[files.readme.io/7d045b1-root.png]
[files.readme.io/23fb51b-RNG.jpg]
[files.readme.io/d203204-slide_ON_DEMAND_DATA.png]
[cdn.readme.io/public/hub/web/8828f629f8dcb849d77ad09b5a3ab84e.png]
[cdn.readme.io/public/hub/web/7ce0d53ac942392fe29ee6ed4dcedc98.png]
[cdn.readme.io/public/hub/web/Header.4c8c34bca506869e518a.css]
[cdn.readme.io/public/hub/web/routes-SuperHub.b85a08886b1862d582d6.css]
[cdn.readme.io/public/hub/web/7188.75e3fc491ee8103c63a3.css]
[cdn.readme.io/public/hub/web/2395.593cd7b6ba0bdb6787a8.css]
[files.readme.io/77cc19a-1-sign-up.png]
[files.readme.io/d6ad9c4-2-sidebar.png]
[files.readme.io/2ddf37c-3-project-card.png]
[files.readme.io/7f061fe-4-create-api.png]
[cdn.readme.io/public/hub/web/329b1a60cda8f1ca625266611ea9bded.woff2]
[files.readme.io/3f8eeaf-5-project-details.png]
[files.readme.io/8cbd66c-Screenshot_from_2021-07-05_14-00-09.png]
[cdn.readme.io/public/hub/web/c11f1255f1c16770fdd0003a6982945a.ttf]
[files.readme.io/a96401a-ICGV9oR0SKdttqIGK2ZrM39j.png]
[cdn.readme.io/public/hub/web/37e6c74438c7a3317c19b77b7354ccab.woff2]
[cdn.readme.io/public/hub/web/ec9f9897a7785a27c12b43cc5068db75.ttf]
[cdn.readme.io/public/hub/web/e58f271d49b7c96d63aac5437fe5f488.woff2]
[files.readme.io/1c1b150-EH82yxS2ibP9tRVkaCvn6lBW.png]
[cdn.readme.io/public/hub/web/bd6a344241292dfa0ebfabdb54c2b47c.ttf]
[cdn.readme.io/public/hub/web/65a0b70eec8fdd5d9e8712b2d3dfcedb.woff]
[cdn.readme.io/public/hub/web/8828f629f8dcb849d77ad09b5a3ab84e.png]
[cdn.readme.io/public/hub/web/main.ce76545ac84b178a5276.css]
[cdn.readme.io/public/hub/web/ui-styles.e9b9e6b50e13b88dd758.css]
[cdn.readme.io/public/hub/web/7ce0d53ac942392fe29ee6ed4dcedc98.png]
[umbrella-network.readme.io/docs/undefined.html]
[cdn.readme.io/public/hub/web/329b1a60cda8f1ca625266611ea9bded.woff2]
[cdn.readme.io/public/hub/web/c11f1255f1c16770fdd0003a6982945a.ttf]
[cdn.readme.io/public/hub/web/37e6c74438c7a3317c19b77b7354ccab.woff2]
[cdn.readme.io/public/hub/web/ec9f9897a7785a27c12b43cc5068db75.ttf]
[cdn.readme.io/public/hub/web/e58f271d49b7c96d63aac5437fe5f488.woff2]
[cdn.readme.io/public/hub/web/bd6a344241292dfa0ebfabdb54c2b47c.ttf]
[cdn.readme.io/public/hub/web/5d2396926acae9bda510c959d1b2652c.svg]
[umbrella-network.readme.io/docs/the-need-of-oracles.html]
[cdn.readme.io/public/hub/web/65a0b70eec8fdd5d9e8712b2d3dfcedb.woff]
[umbrella-network.readme.io/docs/_https_/files.readme.io/9c01306-slide_ON-CHAIN_DATA.html]
[umbrella-network.readme.io/docs/_https_/files.readme.io/342af1b-onchain_sc_hierarchy.html]
[umbrella-network.readme.io/docs/_https_/umbrella-network.readme.io/docs/integration-details_.html]
[umbrella-network.readme.io/docs/_mailto_bd@umb.network/_.html]
[umbrella-network.readme.io/docs/_https_/umbrella-network.readme.io/docs/concordium-integration-examples_.html]
[umbrella-network.readme.io/docs/_https_/umbrella-network.readme.io/docs/api-token_.html]
[umbrella-network.readme.io/docs/passport-beta.html]
[umbrella-network.readme.io/docs/_https_/github.com/umbrella-network/canvas.html]
[umbrella-network.readme.io/docs/_https_/github.com/umbrella-network/babel_.html]
[umbrella-network.readme.io/docs/_https_/api.umb.network/_.html]
[umbrella-network.readme.io/docs/_/docs/reference-application_.html]
[umbrella-network.readme.io/docs/_https_/bscscan.com/address/0xd3e5Bf479BF8A2252D89D2990dDE2173869166D0.html]
[umbrella-network.readme.io/docs/_https_/github.com/umbrella-network/babel/blob/main/contracts/Passport/StandardDatumReceiver.html]
[cdn.readme.io/public/hub/web/5d2396926acae9bda510c959d1b2652c.svg]
